// Jest Snapshot v1, https://goo.gl/fbAQLP

exports[`<NotFound /> renders correctly 1`] = `
<DocumentFragment>
  <div
    class="p-2"
  >
    <h1
      class="h1"
    >
      Page Not Found
    </h1>
  </div>
</DocumentFragment>
`;
